---
source: tests/snapshot_tests.rs
description: "GitHub API calls from recordings: tests/recordings/sample1.jsonl"
---
Object {
    "requests": Array [
        Object {
            "correlation_id": String("4fcda9fc-4576-4c2c-88b5-f468805e08df"),
            "operation": String("POST /app/installations/89691963/access_tokens"),
            "request_summary": Object {
                "has_body": Bool(true),
                "method": String("POST"),
                "url_pattern": String("api.github.com/app/installations/89691963/access_tokens"),
            },
            "sanitized_data": Object {
                "body": String("[NO_BODY]"),
                "headers": Object {
                    "accept": String("application/vnd.github.v3+json"),
                    "authorization": String("[REDACTED]"),
                },
                "method": String("POST"),
                "url": String("https://api.github.com/app/installations/89691963/access_tokens"),
            },
            "timestamp": String("2025-10-12T07:37:57.507774+00:00"),
        },
        Object {
            "correlation_id": String("f52cf7be-ace1-4373-b53b-188522aa84fa"),
            "operation": String("GET /repos/Smaug123/robocop/compare/5a1d0c69943dd005a052013db8fd0bc133a6eafa...e6a8b9636297ffc84c63193d18a38dea197867f3"),
            "request_summary": Object {
                "has_body": Bool(true),
                "method": String("GET"),
                "url_pattern": String("api.github.com/repos/Smaug123/robocop/compare/5a1d0c69943dd005a052013db8fd0bc133a6eafa...e6a8b9636297ffc84c63193d18a38dea197867f3"),
            },
            "sanitized_data": Object {
                "body": String("[NO_BODY]"),
                "headers": Object {
                    "accept": String("application/vnd.github.v3.diff"),
                    "authorization": String("[REDACTED]"),
                },
                "method": String("GET"),
                "url": String("https://api.github.com/repos/Smaug123/robocop/compare/5a1d0c69943dd005a052013db8fd0bc133a6eafa...e6a8b9636297ffc84c63193d18a38dea197867f3"),
            },
            "timestamp": String("2025-10-12T07:37:57.696730+00:00"),
        },
        Object {
            "correlation_id": String("3d9e5026-dcf2-425b-a8ae-f5e5625d511c"),
            "operation": String("GET /repos/Smaug123/robocop/compare/5a1d0c69943dd005a052013db8fd0bc133a6eafa...e6a8b9636297ffc84c63193d18a38dea197867f3"),
            "request_summary": Object {
                "has_body": Bool(true),
                "method": String("GET"),
                "url_pattern": String("api.github.com/repos/Smaug123/robocop/compare/5a1d0c69943dd005a052013db8fd0bc133a6eafa...e6a8b9636297ffc84c63193d18a38dea197867f3"),
            },
            "sanitized_data": Object {
                "body": String("[NO_BODY]"),
                "headers": Object {
                    "accept": String("application/vnd.github.v3+json"),
                    "authorization": String("[REDACTED]"),
                },
                "method": String("GET"),
                "url": String("https://api.github.com/repos/Smaug123/robocop/compare/5a1d0c69943dd005a052013db8fd0bc133a6eafa...e6a8b9636297ffc84c63193d18a38dea197867f3"),
            },
            "timestamp": String("2025-10-12T07:37:58.001210+00:00"),
        },
        Object {
            "correlation_id": String("3ba58f89-67f3-47d4-a80c-86ca96420160"),
            "operation": String("GET /repos/Smaug123/robocop/contents/CLAUDE.md"),
            "request_summary": Object {
                "has_body": Bool(true),
                "method": String("GET"),
                "url_pattern": String("api.github.com/repos/Smaug123/robocop/contents/CLAUDE.md"),
            },
            "sanitized_data": Object {
                "body": String("[NO_BODY]"),
                "headers": Object {
                    "accept": String("application/vnd.github.v3+json"),
                    "authorization": String("[REDACTED]"),
                },
                "method": String("GET"),
                "url": String("https://api.github.com/repos/Smaug123/robocop/contents/CLAUDE.md?ref=e6a8b9636297ffc84c63193d18a38dea197867f3"),
            },
            "timestamp": String("2025-10-12T07:37:58.365857+00:00"),
        },
        Object {
            "correlation_id": String("9535da19-1e0c-43b7-a1c6-f6467f725d82"),
            "operation": String("GET /repos/Smaug123/robocop/contents/dashboard.html"),
            "request_summary": Object {
                "has_body": Bool(true),
                "method": String("GET"),
                "url_pattern": String("api.github.com/repos/Smaug123/robocop/contents/dashboard.html"),
            },
            "sanitized_data": Object {
                "body": String("[NO_BODY]"),
                "headers": Object {
                    "accept": String("application/vnd.github.v3+json"),
                    "authorization": String("[REDACTED]"),
                },
                "method": String("GET"),
                "url": String("https://api.github.com/repos/Smaug123/robocop/contents/dashboard.html?ref=e6a8b9636297ffc84c63193d18a38dea197867f3"),
            },
            "timestamp": String("2025-10-12T07:37:58.561833+00:00"),
        },
        Object {
            "correlation_id": String("9a550353-dbed-4f96-9d18-d4d771ed34ce"),
            "operation": String("GET /app"),
            "request_summary": Object {
                "has_body": Bool(true),
                "method": String("GET"),
                "url_pattern": String("api.github.com/app"),
            },
            "sanitized_data": Object {
                "body": String("[NO_BODY]"),
                "headers": Object {
                    "accept": String("application/vnd.github.v3+json"),
                    "authorization": String("[REDACTED]"),
                },
                "method": String("GET"),
                "url": String("https://api.github.com/app"),
            },
            "timestamp": String("2025-10-12T07:38:00.371333+00:00"),
        },
        Object {
            "correlation_id": String("afd1ed91-c27c-4b5f-8209-b36c7a1949d7"),
            "operation": String("GET /repos/Smaug123/robocop/issues/8/comments"),
            "request_summary": Object {
                "has_body": Bool(true),
                "method": String("GET"),
                "url_pattern": String("api.github.com/repos/Smaug123/robocop/issues/8/comments"),
            },
            "sanitized_data": Object {
                "body": String("[NO_BODY]"),
                "headers": Object {
                    "accept": String("application/vnd.github.v3+json"),
                    "authorization": String("[REDACTED]"),
                },
                "method": String("GET"),
                "url": String("https://api.github.com/repos/Smaug123/robocop/issues/8/comments?page=1&per_page=100"),
            },
            "timestamp": String("2025-10-12T07:38:00.509738+00:00"),
        },
        Object {
            "correlation_id": String("9db03ce4-6865-4549-bc58-768630aca5a5"),
            "operation": String("PATCH /repos/Smaug123/robocop/issues/comments/3394028214"),
            "request_summary": Object {
                "has_body": Bool(true),
                "method": String("PATCH"),
                "url_pattern": String("api.github.com/repos/Smaug123/robocop/issues/comments/3394028214"),
            },
            "sanitized_data": Object {
                "body": String("{\"body\":\"<!-- robocop(c031981f) -->\\n\\n🤖 **Code review in progress...**\\n\\nI'm analyzing the changes in this pull request. This may take a long time depending on current OpenAI load.\\n\\n**Commit:** `e6a8b9636297ffc84c63193d18a38dea197867f3`\\n**Batch ID:** `batch_68eb5ad7f45881908195fbb16a5d7fdf`\\n**Status:** Processing\"}"),
                "headers": Object {
                    "accept": String("application/vnd.github.v3+json"),
                    "authorization": String("[REDACTED]"),
                    "content-type": String("application/json"),
                },
                "method": String("PATCH"),
                "url": String("https://api.github.com/repos/Smaug123/robocop/issues/comments/3394028214"),
            },
            "timestamp": String("2025-10-12T07:38:00.762121+00:00"),
        },
        Object {
            "correlation_id": String("b51d7e74-b782-4faf-89b3-54e9b64633fa"),
            "operation": String("GET /app"),
            "request_summary": Object {
                "has_body": Bool(true),
                "method": String("GET"),
                "url_pattern": String("api.github.com/app"),
            },
            "sanitized_data": Object {
                "body": String("[NO_BODY]"),
                "headers": Object {
                    "accept": String("application/vnd.github.v3+json"),
                    "authorization": String("[REDACTED]"),
                },
                "method": String("GET"),
                "url": String("https://api.github.com/app"),
            },
            "timestamp": String("2025-10-12T07:41:37.978352+00:00"),
        },
        Object {
            "correlation_id": String("c7d06a1b-0137-49f6-9460-0ad21b877f20"),
            "operation": String("GET /repos/Smaug123/robocop/issues/8/comments"),
            "request_summary": Object {
                "has_body": Bool(true),
                "method": String("GET"),
                "url_pattern": String("api.github.com/repos/Smaug123/robocop/issues/8/comments"),
            },
            "sanitized_data": Object {
                "body": String("[NO_BODY]"),
                "headers": Object {
                    "accept": String("application/vnd.github.v3+json"),
                    "authorization": String("[REDACTED]"),
                },
                "method": String("GET"),
                "url": String("https://api.github.com/repos/Smaug123/robocop/issues/8/comments?page=1&per_page=100"),
            },
            "timestamp": String("2025-10-12T07:41:38.161091+00:00"),
        },
        Object {
            "correlation_id": String("deed4343-5bd2-4f03-9817-004eb316cd3a"),
            "operation": String("PATCH /repos/Smaug123/robocop/issues/comments/3394028214"),
            "request_summary": Object {
                "has_body": Bool(true),
                "method": String("PATCH"),
                "url_pattern": String("api.github.com/repos/Smaug123/robocop/issues/comments/3394028214"),
            },
            "sanitized_data": Object {
                "body": String("{\"body\":\"<!-- robocop(c031981f) -->\\n\\n🤖 **Code Review Complete**\\n\\n* dashboard.html: In createSafeRepoLink(), only pullRequestUrl is sanitized. If pullRequestUrl is absent, the function uses the url parameter directly. Sanitize url inside the function as well to avoid future unsafe usage (defense in depth).\\n* dashboard.html: The “Repo” column will now link to the PR if batch.metadata?.pull_request_url is present. Consider renaming the column (e.g., “Repo/PR”) or keeping repo-only links to avoid confusion.\\n* dashboard.html: The comment “Browser automatically escapes this” next to link.textContent may be misleading given the new CLAUDE.md Security Guidelines. Consider clarifying that using textContent avoids HTML injection, and do not generalize to other contexts.\\n\\n**Commit:** `e6a8b9636297ffc84c63193d18a38dea197867f3`\\n**Batch ID:** `batch_68eb5ad7f45881908195fbb16a5d7fdf`\\n**Status:** Completed\"}"),
                "headers": Object {
                    "accept": String("application/vnd.github.v3+json"),
                    "authorization": String("[REDACTED]"),
                    "content-type": String("application/json"),
                },
                "method": String("PATCH"),
                "url": String("https://api.github.com/repos/Smaug123/robocop/issues/comments/3394028214"),
            },
            "timestamp": String("2025-10-12T07:41:38.380783+00:00"),
        },
    ],
    "responses": Array [
        Object {
            "correlation_id": String("4fcda9fc-4576-4c2c-88b5-f468805e08df"),
            "operation": String("response_201"),
            "response_summary": Object {
                "content_type": String("application/json; charset=utf-8"),
                "has_body": Bool(false),
                "status_code": Number(201),
            },
            "sanitized_data": Object {
                "body_size": Number(215),
                "headers": Object {
                    "access-control-allow-origin": String("*"),
                    "access-control-expose-headers": String("ETag, Link, Location, Retry-After, X-GitHub-OTP, X-RateLimit-Limit, X-RateLimit-Remaining, X-RateLimit-Used, X-RateLimit-Resource, X-RateLimit-Reset, X-OAuth-Scopes, X-Accepted-OAuth-Scopes, X-Poll-Interval, X-GitHub-Media-Type, X-GitHub-SSO, X-GitHub-Request-Id, Deprecation, Sunset"),
                    "cache-control": String("public, max-age=60, s-maxage=60"),
                    "content-length": String("215"),
                    "content-security-policy": String("default-src 'none'"),
                    "content-type": String("application/json; charset=utf-8"),
                    "date": String("Sun, 12 Oct 2025 07:37:57 GMT"),
                    "etag": String("\"1622f8ef2d83ca1af7b20c4101091468577ee2187bc6313766ac62f17a7b9652\""),
                    "referrer-policy": String("origin-when-cross-origin, strict-origin-when-cross-origin"),
                    "server": String("github.com"),
                    "strict-transport-security": String("max-age=31536000; includeSubdomains; preload"),
                    "vary": String("Accept,Accept-Encoding, Accept, X-Requested-With"),
                    "x-content-type-options": String("nosniff"),
                    "x-frame-options": String("deny"),
                    "x-github-api-version-selected": String("2022-11-28"),
                    "x-github-media-type": String("github.v3; format=json"),
                    "x-github-request-id": String("F7ED:1960E8:9DEEFB:D4A6C2:68EB5AD5"),
                    "x-xss-protection": String("0"),
                },
                "status_code": Number(201),
            },
            "timestamp": String("2025-10-12T07:37:57.696577+00:00"),
        },
        Object {
            "correlation_id": String("f52cf7be-ace1-4373-b53b-188522aa84fa"),
            "operation": String("response_200"),
            "response_summary": Object {
                "content_type": String("application/vnd.github.v3.diff; charset=utf-8"),
                "has_body": Bool(false),
                "status_code": Number(200),
            },
            "sanitized_data": Object {
                "body_size": Number(3154),
                "headers": Object {
                    "access-control-allow-origin": String("*"),
                    "access-control-expose-headers": String("ETag, Link, Location, Retry-After, X-GitHub-OTP, X-RateLimit-Limit, X-RateLimit-Remaining, X-RateLimit-Used, X-RateLimit-Resource, X-RateLimit-Reset, X-OAuth-Scopes, X-Accepted-OAuth-Scopes, X-Poll-Interval, X-GitHub-Media-Type, X-GitHub-SSO, X-GitHub-Request-Id, Deprecation, Sunset"),
                    "cache-control": String("private, max-age=60, s-maxage=60"),
                    "content-length": String("3154"),
                    "content-security-policy": String("default-src 'none'"),
                    "content-type": String("application/vnd.github.v3.diff; charset=utf-8"),
                    "date": String("Sun, 12 Oct 2025 07:37:57 GMT"),
                    "etag": String("\"a7502dc1be3be94749915e6c25c6a80d28e2ee496a3abf116df3922ebc6b3477\""),
                    "last-modified": String("Sun, 12 Oct 2025 07:37:53 GMT"),
                    "referrer-policy": String("origin-when-cross-origin, strict-origin-when-cross-origin"),
                    "server": String("github.com"),
                    "strict-transport-security": String("max-age=31536000; includeSubdomains; preload"),
                    "vary": String("Accept, Authorization, Cookie, X-GitHub-OTP,Accept-Encoding, Accept, X-Requested-With"),
                    "x-accepted-github-permissions": String("contents=read"),
                    "x-content-type-options": String("nosniff"),
                    "x-frame-options": String("deny"),
                    "x-github-api-version-selected": String("2022-11-28"),
                    "x-github-media-type": String("github.v3; param=diff"),
                    "x-github-request-id": String("F7ED:1960E8:9DEF08:D4A6CD:68EB5AD5"),
                    "x-ratelimit-limit": String("5000"),
                    "x-ratelimit-remaining": String("4994"),
                    "x-ratelimit-reset": String("1760258000"),
                    "x-ratelimit-resource": String("core"),
                    "x-ratelimit-used": String("6"),
                    "x-xss-protection": String("0"),
                },
                "status_code": Number(200),
            },
            "timestamp": String("2025-10-12T07:37:58.000939+00:00"),
        },
        Object {
            "correlation_id": String("3d9e5026-dcf2-425b-a8ae-f5e5625d511c"),
            "operation": String("response_200"),
            "response_summary": Object {
                "content_type": String("application/json; charset=utf-8"),
                "has_body": Bool(false),
                "status_code": Number(200),
            },
            "sanitized_data": Object {
                "body_size": Number(20987),
                "headers": Object {
                    "access-control-allow-origin": String("*"),
                    "access-control-expose-headers": String("ETag, Link, Location, Retry-After, X-GitHub-OTP, X-RateLimit-Limit, X-RateLimit-Remaining, X-RateLimit-Used, X-RateLimit-Resource, X-RateLimit-Reset, X-OAuth-Scopes, X-Accepted-OAuth-Scopes, X-Poll-Interval, X-GitHub-Media-Type, X-GitHub-SSO, X-GitHub-Request-Id, Deprecation, Sunset"),
                    "cache-control": String("private, max-age=60, s-maxage=60"),
                    "content-length": String("20987"),
                    "content-security-policy": String("default-src 'none'"),
                    "content-type": String("application/json; charset=utf-8"),
                    "date": String("Sun, 12 Oct 2025 07:37:58 GMT"),
                    "etag": String("\"629aaf8b5b687d6408346fdafe6be8782b6aa1fa9370d0f190b8f3e0475b37c2\""),
                    "last-modified": String("Sun, 12 Oct 2025 07:37:53 GMT"),
                    "referrer-policy": String("origin-when-cross-origin, strict-origin-when-cross-origin"),
                    "server": String("github.com"),
                    "strict-transport-security": String("max-age=31536000; includeSubdomains; preload"),
                    "vary": String("Accept, Authorization, Cookie, X-GitHub-OTP,Accept-Encoding, Accept, X-Requested-With"),
                    "x-accepted-github-permissions": String("contents=read"),
                    "x-content-type-options": String("nosniff"),
                    "x-frame-options": String("deny"),
                    "x-github-api-version-selected": String("2022-11-28"),
                    "x-github-media-type": String("github.v3; format=json"),
                    "x-github-request-id": String("F7ED:1960E8:9DEF19:D4A6E7:68EB5AD6"),
                    "x-ratelimit-limit": String("5000"),
                    "x-ratelimit-remaining": String("4993"),
                    "x-ratelimit-reset": String("1760258000"),
                    "x-ratelimit-resource": String("core"),
                    "x-ratelimit-used": String("7"),
                    "x-xss-protection": String("0"),
                },
                "status_code": Number(200),
            },
            "timestamp": String("2025-10-12T07:37:58.287153+00:00"),
        },
        Object {
            "correlation_id": String("3ba58f89-67f3-47d4-a80c-86ca96420160"),
            "operation": String("response_200"),
            "response_summary": Object {
                "content_type": String("application/json; charset=utf-8"),
                "has_body": Bool(false),
                "status_code": Number(200),
            },
            "sanitized_data": Object {
                "body_size": Number(6671),
                "headers": Object {
                    "access-control-allow-origin": String("*"),
                    "access-control-expose-headers": String("ETag, Link, Location, Retry-After, X-GitHub-OTP, X-RateLimit-Limit, X-RateLimit-Remaining, X-RateLimit-Used, X-RateLimit-Resource, X-RateLimit-Reset, X-OAuth-Scopes, X-Accepted-OAuth-Scopes, X-Poll-Interval, X-GitHub-Media-Type, X-GitHub-SSO, X-GitHub-Request-Id, Deprecation, Sunset"),
                    "cache-control": String("private, max-age=60, s-maxage=60"),
                    "content-length": String("6671"),
                    "content-security-policy": String("default-src 'none'"),
                    "content-type": String("application/json; charset=utf-8"),
                    "date": String("Sun, 12 Oct 2025 07:37:58 GMT"),
                    "etag": String("\"0c833f0e28604f482e6f7ab47b15fb6635b31179\""),
                    "last-modified": String("Sun, 12 Oct 2025 07:37:53 GMT"),
                    "referrer-policy": String("origin-when-cross-origin, strict-origin-when-cross-origin"),
                    "server": String("github.com"),
                    "strict-transport-security": String("max-age=31536000; includeSubdomains; preload"),
                    "vary": String("Accept, Authorization, Cookie, X-GitHub-OTP,Accept-Encoding, Accept, X-Requested-With"),
                    "x-accepted-github-permissions": String("contents=read"),
                    "x-content-type-options": String("nosniff"),
                    "x-frame-options": String("deny"),
                    "x-github-api-version-selected": String("2022-11-28"),
                    "x-github-media-type": String("github.v3; format=json"),
                    "x-github-request-id": String("F7ED:1960E8:9DEF28:D4A6F9:68EB5AD6"),
                    "x-ratelimit-limit": String("5000"),
                    "x-ratelimit-remaining": String("4992"),
                    "x-ratelimit-reset": String("1760258000"),
                    "x-ratelimit-resource": String("core"),
                    "x-ratelimit-used": String("8"),
                    "x-xss-protection": String("0"),
                },
                "status_code": Number(200),
            },
            "timestamp": String("2025-10-12T07:37:58.560101+00:00"),
        },
        Object {
            "correlation_id": String("9535da19-1e0c-43b7-a1c6-f6467f725d82"),
            "operation": String("response_200"),
            "response_summary": Object {
                "content_type": String("application/json; charset=utf-8"),
                "has_body": Bool(false),
                "status_code": Number(200),
            },
            "sanitized_data": Object {
                "body_size": Number(54599),
                "headers": Object {
                    "access-control-allow-origin": String("*"),
                    "access-control-expose-headers": String("ETag, Link, Location, Retry-After, X-GitHub-OTP, X-RateLimit-Limit, X-RateLimit-Remaining, X-RateLimit-Used, X-RateLimit-Resource, X-RateLimit-Reset, X-OAuth-Scopes, X-Accepted-OAuth-Scopes, X-Poll-Interval, X-GitHub-Media-Type, X-GitHub-SSO, X-GitHub-Request-Id, Deprecation, Sunset"),
                    "cache-control": String("private, max-age=60, s-maxage=60"),
                    "content-length": String("54599"),
                    "content-security-policy": String("default-src 'none'"),
                    "content-type": String("application/json; charset=utf-8"),
                    "date": String("Sun, 12 Oct 2025 07:37:58 GMT"),
                    "etag": String("\"adc65cf0c248510391bc7988b0419ce812655558\""),
                    "last-modified": String("Sun, 12 Oct 2025 07:37:53 GMT"),
                    "referrer-policy": String("origin-when-cross-origin, strict-origin-when-cross-origin"),
                    "server": String("github.com"),
                    "strict-transport-security": String("max-age=31536000; includeSubdomains; preload"),
                    "vary": String("Accept, Authorization, Cookie, X-GitHub-OTP,Accept-Encoding, Accept, X-Requested-With"),
                    "x-accepted-github-permissions": String("contents=read"),
                    "x-content-type-options": String("nosniff"),
                    "x-frame-options": String("deny"),
                    "x-github-api-version-selected": String("2022-11-28"),
                    "x-github-media-type": String("github.v3; format=json"),
                    "x-github-request-id": String("F7ED:1960E8:9DEF33:D4A709:68EB5AD6"),
                    "x-ratelimit-limit": String("5000"),
                    "x-ratelimit-remaining": String("4991"),
                    "x-ratelimit-reset": String("1760258000"),
                    "x-ratelimit-resource": String("core"),
                    "x-ratelimit-used": String("9"),
                    "x-xss-protection": String("0"),
                },
                "status_code": Number(200),
            },
            "timestamp": String("2025-10-12T07:37:58.746108+00:00"),
        },
        Object {
            "correlation_id": String("9a550353-dbed-4f96-9d18-d4d771ed34ce"),
            "operation": String("response_200"),
            "response_summary": Object {
                "content_type": String("application/json; charset=utf-8"),
                "has_body": Bool(false),
                "status_code": Number(200),
            },
            "sanitized_data": Object {
                "body_size": Number(1410),
                "headers": Object {
                    "access-control-allow-origin": String("*"),
                    "access-control-expose-headers": String("ETag, Link, Location, Retry-After, X-GitHub-OTP, X-RateLimit-Limit, X-RateLimit-Remaining, X-RateLimit-Used, X-RateLimit-Resource, X-RateLimit-Reset, X-OAuth-Scopes, X-Accepted-OAuth-Scopes, X-Poll-Interval, X-GitHub-Media-Type, X-GitHub-SSO, X-GitHub-Request-Id, Deprecation, Sunset"),
                    "cache-control": String("public, max-age=60, s-maxage=60"),
                    "content-length": String("1410"),
                    "content-security-policy": String("default-src 'none'"),
                    "content-type": String("application/json; charset=utf-8"),
                    "date": String("Sun, 12 Oct 2025 07:38:00 GMT"),
                    "etag": String("\"3b8668174e4c7004e72b6d5d8e81405264570d1067cb5fff308eb177c872b22d\""),
                    "referrer-policy": String("origin-when-cross-origin, strict-origin-when-cross-origin"),
                    "server": String("github.com"),
                    "strict-transport-security": String("max-age=31536000; includeSubdomains; preload"),
                    "vary": String("Accept,Accept-Encoding, Accept, X-Requested-With"),
                    "x-content-type-options": String("nosniff"),
                    "x-frame-options": String("deny"),
                    "x-github-api-version-selected": String("2022-11-28"),
                    "x-github-media-type": String("github.v3; format=json"),
                    "x-github-request-id": String("F7ED:1960E8:9DEF86:D4A796:68EB5AD6"),
                    "x-xss-protection": String("0"),
                },
                "status_code": Number(200),
            },
            "timestamp": String("2025-10-12T07:38:00.509521+00:00"),
        },
        Object {
            "correlation_id": String("afd1ed91-c27c-4b5f-8209-b36c7a1949d7"),
            "operation": String("response_200"),
            "response_summary": Object {
                "content_type": String("application/json; charset=utf-8"),
                "has_body": Bool(false),
                "status_code": Number(200),
            },
            "sanitized_data": Object {
                "body_size": Number(3448),
                "headers": Object {
                    "access-control-allow-origin": String("*"),
                    "access-control-expose-headers": String("ETag, Link, Location, Retry-After, X-GitHub-OTP, X-RateLimit-Limit, X-RateLimit-Remaining, X-RateLimit-Used, X-RateLimit-Resource, X-RateLimit-Reset, X-OAuth-Scopes, X-Accepted-OAuth-Scopes, X-Poll-Interval, X-GitHub-Media-Type, X-GitHub-SSO, X-GitHub-Request-Id, Deprecation, Sunset"),
                    "cache-control": String("private, max-age=60, s-maxage=60"),
                    "content-length": String("3448"),
                    "content-security-policy": String("default-src 'none'"),
                    "content-type": String("application/json; charset=utf-8"),
                    "date": String("Sun, 12 Oct 2025 07:38:00 GMT"),
                    "etag": String("\"c948b8848cd225bbcdfb30a9f66280e3a51ea72aa218068d9c684ca7f0317410\""),
                    "referrer-policy": String("origin-when-cross-origin, strict-origin-when-cross-origin"),
                    "server": String("github.com"),
                    "strict-transport-security": String("max-age=31536000; includeSubdomains; preload"),
                    "vary": String("Accept, Authorization, Cookie, X-GitHub-OTP,Accept-Encoding, Accept, X-Requested-With"),
                    "x-accepted-github-permissions": String("issues=read; pull_requests=read"),
                    "x-content-type-options": String("nosniff"),
                    "x-frame-options": String("deny"),
                    "x-github-api-version-selected": String("2022-11-28"),
                    "x-github-media-type": String("github.v3; format=json"),
                    "x-github-request-id": String("F7ED:1960E8:9DEF94:D4A79E:68EB5AD8"),
                    "x-ratelimit-limit": String("5000"),
                    "x-ratelimit-remaining": String("4990"),
                    "x-ratelimit-reset": String("1760258000"),
                    "x-ratelimit-resource": String("core"),
                    "x-ratelimit-used": String("10"),
                    "x-xss-protection": String("0"),
                },
                "status_code": Number(200),
            },
            "timestamp": String("2025-10-12T07:38:00.761785+00:00"),
        },
        Object {
            "correlation_id": String("9db03ce4-6865-4549-bc58-768630aca5a5"),
            "operation": String("response_200"),
            "response_summary": Object {
                "content_type": String("application/json; charset=utf-8"),
                "has_body": Bool(false),
                "status_code": Number(200),
            },
            "sanitized_data": Object {
                "body_size": Number(3446),
                "headers": Object {
                    "access-control-allow-origin": String("*"),
                    "access-control-expose-headers": String("ETag, Link, Location, Retry-After, X-GitHub-OTP, X-RateLimit-Limit, X-RateLimit-Remaining, X-RateLimit-Used, X-RateLimit-Resource, X-RateLimit-Reset, X-OAuth-Scopes, X-Accepted-OAuth-Scopes, X-Poll-Interval, X-GitHub-Media-Type, X-GitHub-SSO, X-GitHub-Request-Id, Deprecation, Sunset"),
                    "cache-control": String("private, max-age=60, s-maxage=60"),
                    "content-length": String("3446"),
                    "content-security-policy": String("default-src 'none'"),
                    "content-type": String("application/json; charset=utf-8"),
                    "date": String("Sun, 12 Oct 2025 07:38:01 GMT"),
                    "etag": String("\"e4e5238d4ec67db9aa32668626f651dddf47825cf32c7fc103f0f95513a75d0a\""),
                    "referrer-policy": String("origin-when-cross-origin, strict-origin-when-cross-origin"),
                    "server": String("github.com"),
                    "strict-transport-security": String("max-age=31536000; includeSubdomains; preload"),
                    "vary": String("Accept, Authorization, Cookie, X-GitHub-OTP,Accept-Encoding, Accept, X-Requested-With"),
                    "x-accepted-github-permissions": String("issues=write; pull_requests=write"),
                    "x-content-type-options": String("nosniff"),
                    "x-frame-options": String("deny"),
                    "x-github-api-version-selected": String("2022-11-28"),
                    "x-github-media-type": String("github.v3; format=json"),
                    "x-github-request-id": String("F7ED:1960E8:9DEF9D:D4A7B0:68EB5AD8"),
                    "x-ratelimit-limit": String("5000"),
                    "x-ratelimit-remaining": String("4989"),
                    "x-ratelimit-reset": String("1760258000"),
                    "x-ratelimit-resource": String("core"),
                    "x-ratelimit-used": String("11"),
                    "x-xss-protection": String("0"),
                },
                "status_code": Number(200),
            },
            "timestamp": String("2025-10-12T07:38:01.392472+00:00"),
        },
        Object {
            "correlation_id": String("b51d7e74-b782-4faf-89b3-54e9b64633fa"),
            "operation": String("response_200"),
            "response_summary": Object {
                "content_type": String("application/json; charset=utf-8"),
                "has_body": Bool(false),
                "status_code": Number(200),
            },
            "sanitized_data": Object {
                "body_size": Number(1410),
                "headers": Object {
                    "access-control-allow-origin": String("*"),
                    "access-control-expose-headers": String("ETag, Link, Location, Retry-After, X-GitHub-OTP, X-RateLimit-Limit, X-RateLimit-Remaining, X-RateLimit-Used, X-RateLimit-Resource, X-RateLimit-Reset, X-OAuth-Scopes, X-Accepted-OAuth-Scopes, X-Poll-Interval, X-GitHub-Media-Type, X-GitHub-SSO, X-GitHub-Request-Id, Deprecation, Sunset"),
                    "cache-control": String("public, max-age=60, s-maxage=60"),
                    "content-length": String("1410"),
                    "content-security-policy": String("default-src 'none'"),
                    "content-type": String("application/json; charset=utf-8"),
                    "date": String("Sun, 12 Oct 2025 07:41:38 GMT"),
                    "etag": String("\"3b8668174e4c7004e72b6d5d8e81405264570d1067cb5fff308eb177c872b22d\""),
                    "referrer-policy": String("origin-when-cross-origin, strict-origin-when-cross-origin"),
                    "server": String("github.com"),
                    "strict-transport-security": String("max-age=31536000; includeSubdomains; preload"),
                    "vary": String("Accept,Accept-Encoding, Accept, X-Requested-With"),
                    "x-content-type-options": String("nosniff"),
                    "x-frame-options": String("deny"),
                    "x-github-api-version-selected": String("2022-11-28"),
                    "x-github-media-type": String("github.v3; format=json"),
                    "x-github-request-id": String("C459:2F28C3:6F07CE:984FD8:68EB5BB2"),
                    "x-xss-protection": String("0"),
                },
                "status_code": Number(200),
            },
            "timestamp": String("2025-10-12T07:41:38.160769+00:00"),
        },
        Object {
            "correlation_id": String("c7d06a1b-0137-49f6-9460-0ad21b877f20"),
            "operation": String("response_200"),
            "response_summary": Object {
                "content_type": String("application/json; charset=utf-8"),
                "has_body": Bool(false),
                "status_code": Number(200),
            },
            "sanitized_data": Object {
                "body_size": Number(3448),
                "headers": Object {
                    "access-control-allow-origin": String("*"),
                    "access-control-expose-headers": String("ETag, Link, Location, Retry-After, X-GitHub-OTP, X-RateLimit-Limit, X-RateLimit-Remaining, X-RateLimit-Used, X-RateLimit-Resource, X-RateLimit-Reset, X-OAuth-Scopes, X-Accepted-OAuth-Scopes, X-Poll-Interval, X-GitHub-Media-Type, X-GitHub-SSO, X-GitHub-Request-Id, Deprecation, Sunset"),
                    "cache-control": String("private, max-age=60, s-maxage=60"),
                    "content-length": String("3448"),
                    "content-security-policy": String("default-src 'none'"),
                    "content-type": String("application/json; charset=utf-8"),
                    "date": String("Sun, 12 Oct 2025 07:41:38 GMT"),
                    "etag": String("\"74473f930d517db4a2064646261b4d13e55c87aca130c251347d2e3f14a4727f\""),
                    "referrer-policy": String("origin-when-cross-origin, strict-origin-when-cross-origin"),
                    "server": String("github.com"),
                    "strict-transport-security": String("max-age=31536000; includeSubdomains; preload"),
                    "vary": String("Accept, Authorization, Cookie, X-GitHub-OTP,Accept-Encoding, Accept, X-Requested-With"),
                    "x-accepted-github-permissions": String("issues=read; pull_requests=read"),
                    "x-content-type-options": String("nosniff"),
                    "x-frame-options": String("deny"),
                    "x-github-api-version-selected": String("2022-11-28"),
                    "x-github-media-type": String("github.v3; format=json"),
                    "x-github-request-id": String("C459:2F28C3:6F07DB:984FEB:68EB5BB2"),
                    "x-ratelimit-limit": String("5000"),
                    "x-ratelimit-remaining": String("4988"),
                    "x-ratelimit-reset": String("1760258000"),
                    "x-ratelimit-resource": String("core"),
                    "x-ratelimit-used": String("12"),
                    "x-xss-protection": String("0"),
                },
                "status_code": Number(200),
            },
            "timestamp": String("2025-10-12T07:41:38.380416+00:00"),
        },
        Object {
            "correlation_id": String("deed4343-5bd2-4f03-9817-004eb316cd3a"),
            "operation": String("response_200"),
            "response_summary": Object {
                "content_type": String("application/json; charset=utf-8"),
                "has_body": Bool(false),
                "status_code": Number(200),
            },
            "sanitized_data": Object {
                "body_size": Number(4051),
                "headers": Object {
                    "access-control-allow-origin": String("*"),
                    "access-control-expose-headers": String("ETag, Link, Location, Retry-After, X-GitHub-OTP, X-RateLimit-Limit, X-RateLimit-Remaining, X-RateLimit-Used, X-RateLimit-Resource, X-RateLimit-Reset, X-OAuth-Scopes, X-Accepted-OAuth-Scopes, X-Poll-Interval, X-GitHub-Media-Type, X-GitHub-SSO, X-GitHub-Request-Id, Deprecation, Sunset"),
                    "cache-control": String("private, max-age=60, s-maxage=60"),
                    "content-length": String("4051"),
                    "content-security-policy": String("default-src 'none'"),
                    "content-type": String("application/json; charset=utf-8"),
                    "date": String("Sun, 12 Oct 2025 07:41:38 GMT"),
                    "etag": String("\"3dabfec7ce2c604bd6d0c3aa3d576511d09348272cafb2d0f508fd5ccc36a36d\""),
                    "referrer-policy": String("origin-when-cross-origin, strict-origin-when-cross-origin"),
                    "server": String("github.com"),
                    "strict-transport-security": String("max-age=31536000; includeSubdomains; preload"),
                    "vary": String("Accept, Authorization, Cookie, X-GitHub-OTP,Accept-Encoding, Accept, X-Requested-With"),
                    "x-accepted-github-permissions": String("issues=write; pull_requests=write"),
                    "x-content-type-options": String("nosniff"),
                    "x-frame-options": String("deny"),
                    "x-github-api-version-selected": String("2022-11-28"),
                    "x-github-media-type": String("github.v3; format=json"),
                    "x-github-request-id": String("C459:2F28C3:6F07ED:984FFD:68EB5BB2"),
                    "x-ratelimit-limit": String("5000"),
                    "x-ratelimit-remaining": String("4987"),
                    "x-ratelimit-reset": String("1760258000"),
                    "x-ratelimit-resource": String("core"),
                    "x-ratelimit-used": String("13"),
                    "x-xss-protection": String("0"),
                },
                "status_code": Number(200),
            },
            "timestamp": String("2025-10-12T07:41:38.985266+00:00"),
        },
    ],
    "service": String("GitHub"),
    "source": String("tests/recordings/sample1.jsonl"),
    "total_requests": Number(11),
    "total_responses": Number(11),
}
