---
source: robocop-server/tests/snapshot_tests.rs
description: "Webhook events from recordings: tests/recordings/sample1.jsonl"
---
Object {
    "events": Array [
        Object {
            "correlation_id": String("7efe122f-7303-4b02-bcc7-61a84811a3ae"),
            "event_summary": Object {
                "action": Null,
                "commits_count": Number(1),
                "ref": String("refs/heads/cope-with-pr-url"),
                "repository_name": String("robocop"),
                "sender": String("Smaug123"),
            },
            "operation": String("webhook"),
            "sanitized_data": Object {
                "body": Object {
                    "after": String("e6a8b9636297ffc84c63193d18a38dea197867f3"),
                    "base_ref": Null,
                    "before": String("4a8de41d91c62b695c0f14ccabeca8ad84e0bf07"),
                    "commits": Array [
                        Object {
                            "added": Array [],
                            "author": Object {
                                "email": String("3138005+Smaug123@users.noreply.github.com"),
                                "name": String("Smaug123"),
                                "username": String("Smaug123"),
                            },
                            "committer": Object {
                                "email": String("3138005+Smaug123@users.noreply.github.com"),
                                "name": String("Smaug123"),
                                "username": String("Smaug123"),
                            },
                            "distinct": Bool(true),
                            "id": String("e6a8b9636297ffc84c63193d18a38dea197867f3"),
                            "message": String("Fix"),
                            "modified": Array [
                                String("CLAUDE.md"),
                                String("dashboard.html"),
                            ],
                            "removed": Array [],
                            "timestamp": String("2025-10-12T08:37:53+01:00"),
                            "tree_id": String("522e57309a1ba5924634474b9d843f6531807f9e"),
                            "url": String("https://github.com/Smaug123/robocop/commit/e6a8b9636297ffc84c63193d18a38dea197867f3"),
                        },
                    ],
                    "compare": String("https://github.com/Smaug123/robocop/compare/4a8de41d91c6...e6a8b9636297"),
                    "created": Bool(false),
                    "deleted": Bool(false),
                    "forced": Bool(false),
                    "head_commit": Object {
                        "added": Array [],
                        "author": Object {
                            "email": String("3138005+Smaug123@users.noreply.github.com"),
                            "name": String("Smaug123"),
                            "username": String("Smaug123"),
                        },
                        "committer": Object {
                            "email": String("3138005+Smaug123@users.noreply.github.com"),
                            "name": String("Smaug123"),
                            "username": String("Smaug123"),
                        },
                        "distinct": Bool(true),
                        "id": String("e6a8b9636297ffc84c63193d18a38dea197867f3"),
                        "message": String("Fix"),
                        "modified": Array [
                            String("CLAUDE.md"),
                            String("dashboard.html"),
                        ],
                        "removed": Array [],
                        "timestamp": String("2025-10-12T08:37:53+01:00"),
                        "tree_id": String("522e57309a1ba5924634474b9d843f6531807f9e"),
                        "url": String("https://github.com/Smaug123/robocop/commit/e6a8b9636297ffc84c63193d18a38dea197867f3"),
                    },
                    "installation": Object {
                        "id": Number(89691963),
                        "node_id": String("MDIzOkludGVncmF0aW9uSW5zdGFsbGF0aW9uODk2OTE5NjM="),
                    },
                    "pusher": Object {
                        "email": String("3138005+Smaug123@users.noreply.github.com"),
                        "name": String("Smaug123"),
                    },
                    "ref": String("refs/heads/cope-with-pr-url"),
                    "repository": Object {
                        "default_branch": String("main"),
                        "full_name": String("Smaug123/robocop"),
                        "id": Number(1071844143),
                        "name": String("robocop"),
                        "private": Bool(true),
                    },
                    "sender": Object {
                        "avatar_url": String("https://avatars.githubusercontent.com/u/3138005?v=4"),
                        "events_url": String("https://api.github.com/users/Smaug123/events{/privacy}"),
                        "followers_url": String("https://api.github.com/users/Smaug123/followers"),
                        "following_url": String("https://api.github.com/users/Smaug123/following{/other_user}"),
                        "gists_url": String("https://api.github.com/users/Smaug123/gists{/gist_id}"),
                        "gravatar_id": String(""),
                        "html_url": String("https://github.com/Smaug123"),
                        "id": Number(3138005),
                        "login": String("Smaug123"),
                        "node_id": String("MDQ6VXNlcjMxMzgwMDU="),
                        "organizations_url": String("https://api.github.com/users/Smaug123/orgs"),
                        "received_events_url": String("https://api.github.com/users/Smaug123/received_events"),
                        "repos_url": String("https://api.github.com/users/Smaug123/repos"),
                        "site_admin": Bool(false),
                        "starred_url": String("https://api.github.com/users/Smaug123/starred{/owner}{/repo}"),
                        "subscriptions_url": String("https://api.github.com/users/Smaug123/subscriptions"),
                        "type": String("User"),
                        "url": String("https://api.github.com/users/Smaug123"),
                        "user_view_type": String("public"),
                    },
                },
                "headers": Object {
                    "accept": String("*/*"),
                    "accept-encoding": String("gzip, deflate"),
                    "accept-language": String("*"),
                    "client-ip": String("140.82.115.45:56804"),
                    "connection": String("keep-alive"),
                    "content-length": String("7406"),
                    "content-type": String("application/json"),
                    "disguised-host": String("smee.io"),
                    "host": String("127.0.0.1:3123"),
                    "max-forwards": String("10"),
                    "sec-fetch-mode": String("cors"),
                    "timestamp": String("1760254676413"),
                    "user-agent": String("GitHub-Hookshot/c8f7262"),
                    "was-default-hostname": String("smee-io-production.azurewebsites.net"),
                    "x-appservice-proto": String("https"),
                    "x-arr-log-id": String("173aa618-df07-4485-aa95-e0a84477cae3"),
                    "x-arr-ssl": String("2048|256|CN=GeoTrust Global TLS RSA4096 SHA256 2022 CA1, O=\"DigiCert, Inc.\", C=US|CN=smee.io"),
                    "x-client-ip": String("140.82.115.45"),
                    "x-client-port": String("56804"),
                    "x-forwarded-for": String("140.82.115.45:56804"),
                    "x-forwarded-proto": String("https"),
                    "x-forwarded-tlsversion": String("1.3"),
                    "x-github-delivery": String("5e2c33ec-a73e-11f0-9807-e391b020e3d5"),
                    "x-github-event": String("push"),
                    "x-github-hook-id": String("574738780"),
                    "x-github-hook-installation-target-id": String("2102163"),
                    "x-github-hook-installation-target-type": String("integration"),
                    "x-hub-signature": String("[REDACTED]"),
                    "x-hub-signature-256": String("[REDACTED]"),
                    "x-original-url": String("/fUXCCSi0ansR5rh7"),
                    "x-site-deployment-id": String("smee-io-production"),
                    "x-waws-unencoded-url": String("/fUXCCSi0ansR5rh7"),
                },
            },
            "timestamp": String("2025-10-12T07:37:56.479495+00:00"),
        },
        Object {
            "correlation_id": String("d5aeb408-1a6b-4bfa-b3ec-f9404f10cd55"),
            "event_summary": Object {
                "action": String("requested"),
                "commits_count": Null,
                "ref": Null,
                "repository_name": String("robocop"),
                "sender": String("Smaug123"),
            },
            "operation": String("webhook"),
            "sanitized_data": Object {
                "body": Object {
                    "action": String("requested"),
                    "check_suite": Object {
                        "after": String("e6a8b9636297ffc84c63193d18a38dea197867f3"),
                        "app": Object {
                            "client_id": String("Iv23lieUll3fm7VFuXw7"),
                            "created_at": String("2025-10-11T22:52:06Z"),
                            "description": String(""),
                            "events": Array [
                                String("pull_request"),
                                String("push"),
                            ],
                            "external_url": String("https://github.com/Smaug123"),
                            "html_url": String("https://github.com/apps/smaug123-robocop"),
                            "id": Number(2102163),
                            "name": String("Smaug123-Robocop"),
                            "node_id": String("A_kwDOAC_h1c4AIBOT"),
                            "owner": Object {
                                "avatar_url": String("https://avatars.githubusercontent.com/u/3138005?v=4"),
                                "events_url": String("https://api.github.com/users/Smaug123/events{/privacy}"),
                                "followers_url": String("https://api.github.com/users/Smaug123/followers"),
                                "following_url": String("https://api.github.com/users/Smaug123/following{/other_user}"),
                                "gists_url": String("https://api.github.com/users/Smaug123/gists{/gist_id}"),
                                "gravatar_id": String(""),
                                "html_url": String("https://github.com/Smaug123"),
                                "id": Number(3138005),
                                "login": String("Smaug123"),
                                "node_id": String("MDQ6VXNlcjMxMzgwMDU="),
                                "organizations_url": String("https://api.github.com/users/Smaug123/orgs"),
                                "received_events_url": String("https://api.github.com/users/Smaug123/received_events"),
                                "repos_url": String("https://api.github.com/users/Smaug123/repos"),
                                "site_admin": Bool(false),
                                "starred_url": String("https://api.github.com/users/Smaug123/starred{/owner}{/repo}"),
                                "subscriptions_url": String("https://api.github.com/users/Smaug123/subscriptions"),
                                "type": String("User"),
                                "url": String("https://api.github.com/users/Smaug123"),
                                "user_view_type": String("public"),
                            },
                            "permissions": Object {
                                "checks": String("write"),
                                "contents": String("read"),
                                "metadata": String("read"),
                                "pull_requests": String("write"),
                            },
                            "slug": String("smaug123-robocop"),
                            "updated_at": String("2025-10-11T22:53:20Z"),
                        },
                        "before": String("4a8de41d91c62b695c0f14ccabeca8ad84e0bf07"),
                        "check_runs_url": String("https://api.github.com/repos/Smaug123/robocop/check-suites/47432067667/check-runs"),
                        "conclusion": Null,
                        "created_at": String("2025-10-12T07:37:55Z"),
                        "head_branch": String("cope-with-pr-url"),
                        "head_commit": Object {
                            "author": Object {
                                "email": String("3138005+Smaug123@users.noreply.github.com"),
                                "name": String("Smaug123"),
                            },
                            "committer": Object {
                                "email": String("3138005+Smaug123@users.noreply.github.com"),
                                "name": String("Smaug123"),
                            },
                            "id": String("e6a8b9636297ffc84c63193d18a38dea197867f3"),
                            "message": String("Fix"),
                            "timestamp": String("2025-10-12T07:37:53Z"),
                            "tree_id": String("522e57309a1ba5924634474b9d843f6531807f9e"),
                        },
                        "head_sha": String("e6a8b9636297ffc84c63193d18a38dea197867f3"),
                        "id": Number(47432067667),
                        "latest_check_runs_count": Number(0),
                        "node_id": String("CS_kwDOP-MLL88AAAALCyvqUw"),
                        "pull_requests": Array [
                            Object {
                                "base": Object {
                                    "ref": String("main"),
                                    "repo": Object {
                                        "id": Number(1071844143),
                                        "name": String("robocop"),
                                        "url": String("https://api.github.com/repos/Smaug123/robocop"),
                                    },
                                    "sha": String("5a1d0c69943dd005a052013db8fd0bc133a6eafa"),
                                },
                                "head": Object {
                                    "ref": String("cope-with-pr-url"),
                                    "repo": Object {
                                        "id": Number(1071844143),
                                        "name": String("robocop"),
                                        "url": String("https://api.github.com/repos/Smaug123/robocop"),
                                    },
                                    "sha": String("4a8de41d91c62b695c0f14ccabeca8ad84e0bf07"),
                                },
                                "id": Number(2907349525),
                                "number": Number(8),
                                "url": String("https://api.github.com/repos/Smaug123/robocop/pulls/8"),
                            },
                        ],
                        "rerequestable": Bool(true),
                        "runs_rerequestable": Bool(true),
                        "status": String("queued"),
                        "updated_at": String("2025-10-12T07:37:55Z"),
                        "url": String("https://api.github.com/repos/Smaug123/robocop/check-suites/47432067667"),
                    },
                    "installation": Object {
                        "id": Number(89691963),
                        "node_id": String("MDIzOkludGVncmF0aW9uSW5zdGFsbGF0aW9uODk2OTE5NjM="),
                    },
                    "repository": Object {
                        "default_branch": String("main"),
                        "full_name": String("Smaug123/robocop"),
                        "id": Number(1071844143),
                        "name": String("robocop"),
                        "private": Bool(true),
                    },
                    "sender": Object {
                        "avatar_url": String("https://avatars.githubusercontent.com/u/3138005?v=4"),
                        "events_url": String("https://api.github.com/users/Smaug123/events{/privacy}"),
                        "followers_url": String("https://api.github.com/users/Smaug123/followers"),
                        "following_url": String("https://api.github.com/users/Smaug123/following{/other_user}"),
                        "gists_url": String("https://api.github.com/users/Smaug123/gists{/gist_id}"),
                        "gravatar_id": String(""),
                        "html_url": String("https://github.com/Smaug123"),
                        "id": Number(3138005),
                        "login": String("Smaug123"),
                        "node_id": String("MDQ6VXNlcjMxMzgwMDU="),
                        "organizations_url": String("https://api.github.com/users/Smaug123/orgs"),
                        "received_events_url": String("https://api.github.com/users/Smaug123/received_events"),
                        "repos_url": String("https://api.github.com/users/Smaug123/repos"),
                        "site_admin": Bool(false),
                        "starred_url": String("https://api.github.com/users/Smaug123/starred{/owner}{/repo}"),
                        "subscriptions_url": String("https://api.github.com/users/Smaug123/subscriptions"),
                        "type": String("User"),
                        "url": String("https://api.github.com/users/Smaug123"),
                        "user_view_type": String("public"),
                    },
                },
                "headers": Object {
                    "accept": String("*/*"),
                    "accept-encoding": String("gzip, deflate"),
                    "accept-language": String("*"),
                    "client-ip": String("140.82.115.55:27886"),
                    "connection": String("keep-alive"),
                    "content-length": String("8672"),
                    "content-type": String("application/json"),
                    "disguised-host": String("smee.io"),
                    "host": String("127.0.0.1:3123"),
                    "max-forwards": String("10"),
                    "sec-fetch-mode": String("cors"),
                    "timestamp": String("1760254676652"),
                    "user-agent": String("GitHub-Hookshot/c8f7262"),
                    "was-default-hostname": String("smee-io-production.azurewebsites.net"),
                    "x-appservice-proto": String("https"),
                    "x-arr-log-id": String("164e0586-9252-47ca-b81e-6b4c224e4baf"),
                    "x-arr-ssl": String("2048|256|CN=GeoTrust Global TLS RSA4096 SHA256 2022 CA1, O=\"DigiCert, Inc.\", C=US|CN=smee.io"),
                    "x-client-ip": String("140.82.115.55"),
                    "x-client-port": String("27886"),
                    "x-forwarded-for": String("140.82.115.55:27886"),
                    "x-forwarded-proto": String("https"),
                    "x-forwarded-tlsversion": String("1.3"),
                    "x-github-delivery": String("5e447100-a73e-11f0-9063-63940511f594"),
                    "x-github-event": String("check_suite"),
                    "x-github-hook-id": String("574738780"),
                    "x-github-hook-installation-target-id": String("2102163"),
                    "x-github-hook-installation-target-type": String("integration"),
                    "x-hub-signature": String("[REDACTED]"),
                    "x-hub-signature-256": String("[REDACTED]"),
                    "x-original-url": String("/fUXCCSi0ansR5rh7"),
                    "x-site-deployment-id": String("smee-io-production"),
                    "x-waws-unencoded-url": String("/fUXCCSi0ansR5rh7"),
                },
            },
            "timestamp": String("2025-10-12T07:37:56.663209+00:00"),
        },
        Object {
            "correlation_id": String("e9748fa5-a548-4757-a9bf-313b8e65dd7d"),
            "event_summary": Object {
                "action": String("synchronize"),
                "commits_count": Null,
                "ref": Null,
                "repository_name": String("robocop"),
                "sender": String("Smaug123"),
            },
            "operation": String("webhook"),
            "sanitized_data": Object {
                "body": Object {
                    "action": String("synchronize"),
                    "after": String("e6a8b9636297ffc84c63193d18a38dea197867f3"),
                    "before": String("4a8de41d91c62b695c0f14ccabeca8ad84e0bf07"),
                    "installation": Object {
                        "id": Number(89691963),
                        "node_id": String("MDIzOkludGVncmF0aW9uSW5zdGFsbGF0aW9uODk2OTE5NjM="),
                    },
                    "number": Number(8),
                    "pull_request": Object {
                        "_links": Object {
                            "comments": Object {
                                "href": String("https://api.github.com/repos/Smaug123/robocop/issues/8/comments"),
                            },
                            "commits": Object {
                                "href": String("https://api.github.com/repos/Smaug123/robocop/pulls/8/commits"),
                            },
                            "html": Object {
                                "href": String("https://github.com/Smaug123/robocop/pull/8"),
                            },
                            "issue": Object {
                                "href": String("https://api.github.com/repos/Smaug123/robocop/issues/8"),
                            },
                            "review_comment": Object {
                                "href": String("https://api.github.com/repos/Smaug123/robocop/pulls/comments{/number}"),
                            },
                            "review_comments": Object {
                                "href": String("https://api.github.com/repos/Smaug123/robocop/pulls/8/comments"),
                            },
                            "self": Object {
                                "href": String("https://api.github.com/repos/Smaug123/robocop/pulls/8"),
                            },
                            "statuses": Object {
                                "href": String("https://api.github.com/repos/Smaug123/robocop/statuses/e6a8b9636297ffc84c63193d18a38dea197867f3"),
                            },
                        },
                        "active_lock_reason": Null,
                        "additions": Number(23),
                        "assignee": Null,
                        "assignees": Array [],
                        "author_association": String("OWNER"),
                        "auto_merge": Null,
                        "base": Object {
                            "label": String("Smaug123:main"),
                            "ref": String("main"),
                            "repo": Object {
                                "allow_auto_merge": Bool(false),
                                "allow_forking": Bool(true),
                                "allow_merge_commit": Bool(true),
                                "allow_rebase_merge": Bool(true),
                                "allow_squash_merge": Bool(true),
                                "allow_update_branch": Bool(false),
                                "archive_url": String("https://api.github.com/repos/Smaug123/robocop/{archive_format}{/ref}"),
                                "archived": Bool(false),
                                "assignees_url": String("https://api.github.com/repos/Smaug123/robocop/assignees{/user}"),
                                "blobs_url": String("https://api.github.com/repos/Smaug123/robocop/git/blobs{/sha}"),
                                "branches_url": String("https://api.github.com/repos/Smaug123/robocop/branches{/branch}"),
                                "clone_url": String("https://github.com/Smaug123/robocop.git"),
                                "collaborators_url": String("https://api.github.com/repos/Smaug123/robocop/collaborators{/collaborator}"),
                                "comments_url": String("https://api.github.com/repos/Smaug123/robocop/comments{/number}"),
                                "commits_url": String("https://api.github.com/repos/Smaug123/robocop/commits{/sha}"),
                                "compare_url": String("https://api.github.com/repos/Smaug123/robocop/compare/{base}...{head}"),
                                "contents_url": String("https://api.github.com/repos/Smaug123/robocop/contents/{+path}"),
                                "contributors_url": String("https://api.github.com/repos/Smaug123/robocop/contributors"),
                                "created_at": String("2025-10-07T22:25:43Z"),
                                "default_branch": String("main"),
                                "delete_branch_on_merge": Bool(false),
                                "deployments_url": String("https://api.github.com/repos/Smaug123/robocop/deployments"),
                                "description": Null,
                                "disabled": Bool(false),
                                "downloads_url": String("https://api.github.com/repos/Smaug123/robocop/downloads"),
                                "events_url": String("https://api.github.com/repos/Smaug123/robocop/events"),
                                "fork": Bool(false),
                                "forks": Number(0),
                                "forks_count": Number(0),
                                "forks_url": String("https://api.github.com/repos/Smaug123/robocop/forks"),
                                "full_name": String("Smaug123/robocop"),
                                "git_commits_url": String("https://api.github.com/repos/Smaug123/robocop/git/commits{/sha}"),
                                "git_refs_url": String("https://api.github.com/repos/Smaug123/robocop/git/refs{/sha}"),
                                "git_tags_url": String("https://api.github.com/repos/Smaug123/robocop/git/tags{/sha}"),
                                "git_url": String("git://github.com/Smaug123/robocop.git"),
                                "has_discussions": Bool(false),
                                "has_downloads": Bool(true),
                                "has_issues": Bool(true),
                                "has_pages": Bool(false),
                                "has_projects": Bool(true),
                                "has_wiki": Bool(false),
                                "homepage": Null,
                                "hooks_url": String("https://api.github.com/repos/Smaug123/robocop/hooks"),
                                "html_url": String("https://github.com/Smaug123/robocop"),
                                "id": Number(1071844143),
                                "is_template": Bool(false),
                                "issue_comment_url": String("https://api.github.com/repos/Smaug123/robocop/issues/comments{/number}"),
                                "issue_events_url": String("https://api.github.com/repos/Smaug123/robocop/issues/events{/number}"),
                                "issues_url": String("https://api.github.com/repos/Smaug123/robocop/issues{/number}"),
                                "keys_url": String("https://api.github.com/repos/Smaug123/robocop/keys{/key_id}"),
                                "labels_url": String("https://api.github.com/repos/Smaug123/robocop/labels{/name}"),
                                "language": String("HTML"),
                                "languages_url": String("https://api.github.com/repos/Smaug123/robocop/languages"),
                                "license": Null,
                                "merge_commit_message": String("PR_TITLE"),
                                "merge_commit_title": String("MERGE_MESSAGE"),
                                "merges_url": String("https://api.github.com/repos/Smaug123/robocop/merges"),
                                "milestones_url": String("https://api.github.com/repos/Smaug123/robocop/milestones{/number}"),
                                "mirror_url": Null,
                                "name": String("robocop"),
                                "node_id": String("R_kgDOP-MLLw"),
                                "notifications_url": String("https://api.github.com/repos/Smaug123/robocop/notifications{?since,all,participating}"),
                                "open_issues": Number(1),
                                "open_issues_count": Number(1),
                                "owner": Object {
                                    "avatar_url": String("https://avatars.githubusercontent.com/u/3138005?v=4"),
                                    "events_url": String("https://api.github.com/users/Smaug123/events{/privacy}"),
                                    "followers_url": String("https://api.github.com/users/Smaug123/followers"),
                                    "following_url": String("https://api.github.com/users/Smaug123/following{/other_user}"),
                                    "gists_url": String("https://api.github.com/users/Smaug123/gists{/gist_id}"),
                                    "gravatar_id": String(""),
                                    "html_url": String("https://github.com/Smaug123"),
                                    "id": Number(3138005),
                                    "login": String("Smaug123"),
                                    "node_id": String("MDQ6VXNlcjMxMzgwMDU="),
                                    "organizations_url": String("https://api.github.com/users/Smaug123/orgs"),
                                    "received_events_url": String("https://api.github.com/users/Smaug123/received_events"),
                                    "repos_url": String("https://api.github.com/users/Smaug123/repos"),
                                    "site_admin": Bool(false),
                                    "starred_url": String("https://api.github.com/users/Smaug123/starred{/owner}{/repo}"),
                                    "subscriptions_url": String("https://api.github.com/users/Smaug123/subscriptions"),
                                    "type": String("User"),
                                    "url": String("https://api.github.com/users/Smaug123"),
                                    "user_view_type": String("public"),
                                },
                                "private": Bool(true),
                                "pulls_url": String("https://api.github.com/repos/Smaug123/robocop/pulls{/number}"),
                                "pushed_at": String("2025-10-12T07:37:55Z"),
                                "releases_url": String("https://api.github.com/repos/Smaug123/robocop/releases{/id}"),
                                "size": Number(107),
                                "squash_merge_commit_message": String("COMMIT_MESSAGES"),
                                "squash_merge_commit_title": String("COMMIT_OR_PR_TITLE"),
                                "ssh_url": String("git@github.com:Smaug123/robocop.git"),
                                "stargazers_count": Number(0),
                                "stargazers_url": String("https://api.github.com/repos/Smaug123/robocop/stargazers"),
                                "statuses_url": String("https://api.github.com/repos/Smaug123/robocop/statuses/{sha}"),
                                "subscribers_url": String("https://api.github.com/repos/Smaug123/robocop/subscribers"),
                                "subscription_url": String("https://api.github.com/repos/Smaug123/robocop/subscription"),
                                "svn_url": String("https://github.com/Smaug123/robocop"),
                                "tags_url": String("https://api.github.com/repos/Smaug123/robocop/tags"),
                                "teams_url": String("https://api.github.com/repos/Smaug123/robocop/teams"),
                                "topics": Array [],
                                "trees_url": String("https://api.github.com/repos/Smaug123/robocop/git/trees{/sha}"),
                                "updated_at": String("2025-10-11T23:24:43Z"),
                                "url": String("https://api.github.com/repos/Smaug123/robocop"),
                                "use_squash_pr_title_as_default": Bool(false),
                                "visibility": String("private"),
                                "watchers": Number(0),
                                "watchers_count": Number(0),
                                "web_commit_signoff_required": Bool(false),
                            },
                            "sha": String("5a1d0c69943dd005a052013db8fd0bc133a6eafa"),
                            "user": Object {
                                "avatar_url": String("https://avatars.githubusercontent.com/u/3138005?v=4"),
                                "events_url": String("https://api.github.com/users/Smaug123/events{/privacy}"),
                                "followers_url": String("https://api.github.com/users/Smaug123/followers"),
                                "following_url": String("https://api.github.com/users/Smaug123/following{/other_user}"),
                                "gists_url": String("https://api.github.com/users/Smaug123/gists{/gist_id}"),
                                "gravatar_id": String(""),
                                "html_url": String("https://github.com/Smaug123"),
                                "id": Number(3138005),
                                "login": String("Smaug123"),
                                "node_id": String("MDQ6VXNlcjMxMzgwMDU="),
                                "organizations_url": String("https://api.github.com/users/Smaug123/orgs"),
                                "received_events_url": String("https://api.github.com/users/Smaug123/received_events"),
                                "repos_url": String("https://api.github.com/users/Smaug123/repos"),
                                "site_admin": Bool(false),
                                "starred_url": String("https://api.github.com/users/Smaug123/starred{/owner}{/repo}"),
                                "subscriptions_url": String("https://api.github.com/users/Smaug123/subscriptions"),
                                "type": String("User"),
                                "url": String("https://api.github.com/users/Smaug123"),
                                "user_view_type": String("public"),
                            },
                        },
                        "body": Null,
                        "changed_files": Number(2),
                        "closed_at": Null,
                        "comments": Number(1),
                        "comments_url": String("https://api.github.com/repos/Smaug123/robocop/issues/8/comments"),
                        "commits": Number(2),
                        "commits_url": String("https://api.github.com/repos/Smaug123/robocop/pulls/8/commits"),
                        "created_at": String("2025-10-12T07:33:18Z"),
                        "deletions": Number(4),
                        "diff_url": String("https://github.com/Smaug123/robocop/pull/8.diff"),
                        "draft": Bool(false),
                        "head": Object {
                            "label": String("Smaug123:cope-with-pr-url"),
                            "ref": String("cope-with-pr-url"),
                            "repo": Object {
                                "allow_auto_merge": Bool(false),
                                "allow_forking": Bool(true),
                                "allow_merge_commit": Bool(true),
                                "allow_rebase_merge": Bool(true),
                                "allow_squash_merge": Bool(true),
                                "allow_update_branch": Bool(false),
                                "archive_url": String("https://api.github.com/repos/Smaug123/robocop/{archive_format}{/ref}"),
                                "archived": Bool(false),
                                "assignees_url": String("https://api.github.com/repos/Smaug123/robocop/assignees{/user}"),
                                "blobs_url": String("https://api.github.com/repos/Smaug123/robocop/git/blobs{/sha}"),
                                "branches_url": String("https://api.github.com/repos/Smaug123/robocop/branches{/branch}"),
                                "clone_url": String("https://github.com/Smaug123/robocop.git"),
                                "collaborators_url": String("https://api.github.com/repos/Smaug123/robocop/collaborators{/collaborator}"),
                                "comments_url": String("https://api.github.com/repos/Smaug123/robocop/comments{/number}"),
                                "commits_url": String("https://api.github.com/repos/Smaug123/robocop/commits{/sha}"),
                                "compare_url": String("https://api.github.com/repos/Smaug123/robocop/compare/{base}...{head}"),
                                "contents_url": String("https://api.github.com/repos/Smaug123/robocop/contents/{+path}"),
                                "contributors_url": String("https://api.github.com/repos/Smaug123/robocop/contributors"),
                                "created_at": String("2025-10-07T22:25:43Z"),
                                "default_branch": String("main"),
                                "delete_branch_on_merge": Bool(false),
                                "deployments_url": String("https://api.github.com/repos/Smaug123/robocop/deployments"),
                                "description": Null,
                                "disabled": Bool(false),
                                "downloads_url": String("https://api.github.com/repos/Smaug123/robocop/downloads"),
                                "events_url": String("https://api.github.com/repos/Smaug123/robocop/events"),
                                "fork": Bool(false),
                                "forks": Number(0),
                                "forks_count": Number(0),
                                "forks_url": String("https://api.github.com/repos/Smaug123/robocop/forks"),
                                "full_name": String("Smaug123/robocop"),
                                "git_commits_url": String("https://api.github.com/repos/Smaug123/robocop/git/commits{/sha}"),
                                "git_refs_url": String("https://api.github.com/repos/Smaug123/robocop/git/refs{/sha}"),
                                "git_tags_url": String("https://api.github.com/repos/Smaug123/robocop/git/tags{/sha}"),
                                "git_url": String("git://github.com/Smaug123/robocop.git"),
                                "has_discussions": Bool(false),
                                "has_downloads": Bool(true),
                                "has_issues": Bool(true),
                                "has_pages": Bool(false),
                                "has_projects": Bool(true),
                                "has_wiki": Bool(false),
                                "homepage": Null,
                                "hooks_url": String("https://api.github.com/repos/Smaug123/robocop/hooks"),
                                "html_url": String("https://github.com/Smaug123/robocop"),
                                "id": Number(1071844143),
                                "is_template": Bool(false),
                                "issue_comment_url": String("https://api.github.com/repos/Smaug123/robocop/issues/comments{/number}"),
                                "issue_events_url": String("https://api.github.com/repos/Smaug123/robocop/issues/events{/number}"),
                                "issues_url": String("https://api.github.com/repos/Smaug123/robocop/issues{/number}"),
                                "keys_url": String("https://api.github.com/repos/Smaug123/robocop/keys{/key_id}"),
                                "labels_url": String("https://api.github.com/repos/Smaug123/robocop/labels{/name}"),
                                "language": String("HTML"),
                                "languages_url": String("https://api.github.com/repos/Smaug123/robocop/languages"),
                                "license": Null,
                                "merge_commit_message": String("PR_TITLE"),
                                "merge_commit_title": String("MERGE_MESSAGE"),
                                "merges_url": String("https://api.github.com/repos/Smaug123/robocop/merges"),
                                "milestones_url": String("https://api.github.com/repos/Smaug123/robocop/milestones{/number}"),
                                "mirror_url": Null,
                                "name": String("robocop"),
                                "node_id": String("R_kgDOP-MLLw"),
                                "notifications_url": String("https://api.github.com/repos/Smaug123/robocop/notifications{?since,all,participating}"),
                                "open_issues": Number(1),
                                "open_issues_count": Number(1),
                                "owner": Object {
                                    "avatar_url": String("https://avatars.githubusercontent.com/u/3138005?v=4"),
                                    "events_url": String("https://api.github.com/users/Smaug123/events{/privacy}"),
                                    "followers_url": String("https://api.github.com/users/Smaug123/followers"),
                                    "following_url": String("https://api.github.com/users/Smaug123/following{/other_user}"),
                                    "gists_url": String("https://api.github.com/users/Smaug123/gists{/gist_id}"),
                                    "gravatar_id": String(""),
                                    "html_url": String("https://github.com/Smaug123"),
                                    "id": Number(3138005),
                                    "login": String("Smaug123"),
                                    "node_id": String("MDQ6VXNlcjMxMzgwMDU="),
                                    "organizations_url": String("https://api.github.com/users/Smaug123/orgs"),
                                    "received_events_url": String("https://api.github.com/users/Smaug123/received_events"),
                                    "repos_url": String("https://api.github.com/users/Smaug123/repos"),
                                    "site_admin": Bool(false),
                                    "starred_url": String("https://api.github.com/users/Smaug123/starred{/owner}{/repo}"),
                                    "subscriptions_url": String("https://api.github.com/users/Smaug123/subscriptions"),
                                    "type": String("User"),
                                    "url": String("https://api.github.com/users/Smaug123"),
                                    "user_view_type": String("public"),
                                },
                                "private": Bool(true),
                                "pulls_url": String("https://api.github.com/repos/Smaug123/robocop/pulls{/number}"),
                                "pushed_at": String("2025-10-12T07:37:55Z"),
                                "releases_url": String("https://api.github.com/repos/Smaug123/robocop/releases{/id}"),
                                "size": Number(107),
                                "squash_merge_commit_message": String("COMMIT_MESSAGES"),
                                "squash_merge_commit_title": String("COMMIT_OR_PR_TITLE"),
                                "ssh_url": String("git@github.com:Smaug123/robocop.git"),
                                "stargazers_count": Number(0),
                                "stargazers_url": String("https://api.github.com/repos/Smaug123/robocop/stargazers"),
                                "statuses_url": String("https://api.github.com/repos/Smaug123/robocop/statuses/{sha}"),
                                "subscribers_url": String("https://api.github.com/repos/Smaug123/robocop/subscribers"),
                                "subscription_url": String("https://api.github.com/repos/Smaug123/robocop/subscription"),
                                "svn_url": String("https://github.com/Smaug123/robocop"),
                                "tags_url": String("https://api.github.com/repos/Smaug123/robocop/tags"),
                                "teams_url": String("https://api.github.com/repos/Smaug123/robocop/teams"),
                                "topics": Array [],
                                "trees_url": String("https://api.github.com/repos/Smaug123/robocop/git/trees{/sha}"),
                                "updated_at": String("2025-10-11T23:24:43Z"),
                                "url": String("https://api.github.com/repos/Smaug123/robocop"),
                                "use_squash_pr_title_as_default": Bool(false),
                                "visibility": String("private"),
                                "watchers": Number(0),
                                "watchers_count": Number(0),
                                "web_commit_signoff_required": Bool(false),
                            },
                            "sha": String("e6a8b9636297ffc84c63193d18a38dea197867f3"),
                            "user": Object {
                                "avatar_url": String("https://avatars.githubusercontent.com/u/3138005?v=4"),
                                "events_url": String("https://api.github.com/users/Smaug123/events{/privacy}"),
                                "followers_url": String("https://api.github.com/users/Smaug123/followers"),
                                "following_url": String("https://api.github.com/users/Smaug123/following{/other_user}"),
                                "gists_url": String("https://api.github.com/users/Smaug123/gists{/gist_id}"),
                                "gravatar_id": String(""),
                                "html_url": String("https://github.com/Smaug123"),
                                "id": Number(3138005),
                                "login": String("Smaug123"),
                                "node_id": String("MDQ6VXNlcjMxMzgwMDU="),
                                "organizations_url": String("https://api.github.com/users/Smaug123/orgs"),
                                "received_events_url": String("https://api.github.com/users/Smaug123/received_events"),
                                "repos_url": String("https://api.github.com/users/Smaug123/repos"),
                                "site_admin": Bool(false),
                                "starred_url": String("https://api.github.com/users/Smaug123/starred{/owner}{/repo}"),
                                "subscriptions_url": String("https://api.github.com/users/Smaug123/subscriptions"),
                                "type": String("User"),
                                "url": String("https://api.github.com/users/Smaug123"),
                                "user_view_type": String("public"),
                            },
                        },
                        "html_url": String("https://github.com/Smaug123/robocop/pull/8"),
                        "id": Number(2907349525),
                        "issue_url": String("https://api.github.com/repos/Smaug123/robocop/issues/8"),
                        "labels": Array [],
                        "locked": Bool(false),
                        "maintainer_can_modify": Bool(false),
                        "merge_commit_sha": String("ca2947017d484f24d0d51bfce8da152ff8ebd6ba"),
                        "mergeable": Null,
                        "mergeable_state": String("unknown"),
                        "merged": Bool(false),
                        "merged_at": Null,
                        "merged_by": Null,
                        "milestone": Null,
                        "node_id": String("PR_kwDOP-MLL86tSqIV"),
                        "number": Number(8),
                        "patch_url": String("https://github.com/Smaug123/robocop/pull/8.patch"),
                        "rebaseable": Null,
                        "requested_reviewers": Array [],
                        "requested_teams": Array [],
                        "review_comment_url": String("https://api.github.com/repos/Smaug123/robocop/pulls/comments{/number}"),
                        "review_comments": Number(0),
                        "review_comments_url": String("https://api.github.com/repos/Smaug123/robocop/pulls/8/comments"),
                        "state": String("open"),
                        "statuses_url": String("https://api.github.com/repos/Smaug123/robocop/statuses/e6a8b9636297ffc84c63193d18a38dea197867f3"),
                        "title": String("Cope with PR URLs too"),
                        "updated_at": String("2025-10-12T07:37:56Z"),
                        "url": String("https://api.github.com/repos/Smaug123/robocop/pulls/8"),
                        "user": Object {
                            "avatar_url": String("https://avatars.githubusercontent.com/u/3138005?v=4"),
                            "events_url": String("https://api.github.com/users/Smaug123/events{/privacy}"),
                            "followers_url": String("https://api.github.com/users/Smaug123/followers"),
                            "following_url": String("https://api.github.com/users/Smaug123/following{/other_user}"),
                            "gists_url": String("https://api.github.com/users/Smaug123/gists{/gist_id}"),
                            "gravatar_id": String(""),
                            "html_url": String("https://github.com/Smaug123"),
                            "id": Number(3138005),
                            "login": String("Smaug123"),
                            "node_id": String("MDQ6VXNlcjMxMzgwMDU="),
                            "organizations_url": String("https://api.github.com/users/Smaug123/orgs"),
                            "received_events_url": String("https://api.github.com/users/Smaug123/received_events"),
                            "repos_url": String("https://api.github.com/users/Smaug123/repos"),
                            "site_admin": Bool(false),
                            "starred_url": String("https://api.github.com/users/Smaug123/starred{/owner}{/repo}"),
                            "subscriptions_url": String("https://api.github.com/users/Smaug123/subscriptions"),
                            "type": String("User"),
                            "url": String("https://api.github.com/users/Smaug123"),
                            "user_view_type": String("public"),
                        },
                    },
                    "repository": Object {
                        "default_branch": String("main"),
                        "full_name": String("Smaug123/robocop"),
                        "id": Number(1071844143),
                        "name": String("robocop"),
                        "private": Bool(true),
                    },
                    "sender": Object {
                        "avatar_url": String("https://avatars.githubusercontent.com/u/3138005?v=4"),
                        "events_url": String("https://api.github.com/users/Smaug123/events{/privacy}"),
                        "followers_url": String("https://api.github.com/users/Smaug123/followers"),
                        "following_url": String("https://api.github.com/users/Smaug123/following{/other_user}"),
                        "gists_url": String("https://api.github.com/users/Smaug123/gists{/gist_id}"),
                        "gravatar_id": String(""),
                        "html_url": String("https://github.com/Smaug123"),
                        "id": Number(3138005),
                        "login": String("Smaug123"),
                        "node_id": String("MDQ6VXNlcjMxMzgwMDU="),
                        "organizations_url": String("https://api.github.com/users/Smaug123/orgs"),
                        "received_events_url": String("https://api.github.com/users/Smaug123/received_events"),
                        "repos_url": String("https://api.github.com/users/Smaug123/repos"),
                        "site_admin": Bool(false),
                        "starred_url": String("https://api.github.com/users/Smaug123/starred{/owner}{/repo}"),
                        "subscriptions_url": String("https://api.github.com/users/Smaug123/subscriptions"),
                        "type": String("User"),
                        "url": String("https://api.github.com/users/Smaug123"),
                        "user_view_type": String("public"),
                    },
                },
                "headers": Object {
                    "accept": String("*/*"),
                    "accept-encoding": String("gzip, deflate"),
                    "accept-language": String("*"),
                    "client-ip": String("140.82.115.168:28568"),
                    "connection": String("keep-alive"),
                    "content-length": String("21550"),
                    "content-type": String("application/json"),
                    "disguised-host": String("smee.io"),
                    "host": String("127.0.0.1:3123"),
                    "max-forwards": String("10"),
                    "sec-fetch-mode": String("cors"),
                    "timestamp": String("1760254677424"),
                    "user-agent": String("GitHub-Hookshot/c8f7262"),
                    "was-default-hostname": String("smee-io-production.azurewebsites.net"),
                    "x-appservice-proto": String("https"),
                    "x-arr-log-id": String("64af3dad-26c2-4e6d-92fd-9e920499c6a3"),
                    "x-arr-ssl": String("2048|256|CN=GeoTrust Global TLS RSA4096 SHA256 2022 CA1, O=\"DigiCert, Inc.\", C=US|CN=smee.io"),
                    "x-client-ip": String("140.82.115.168"),
                    "x-client-port": String("28568"),
                    "x-forwarded-for": String("140.82.115.168:28568"),
                    "x-forwarded-proto": String("https"),
                    "x-forwarded-tlsversion": String("1.3"),
                    "x-github-delivery": String("5e9bdfd0-a73e-11f0-99a2-948a7d17b7ca"),
                    "x-github-event": String("pull_request"),
                    "x-github-hook-id": String("574738780"),
                    "x-github-hook-installation-target-id": String("2102163"),
                    "x-github-hook-installation-target-type": String("integration"),
                    "x-hub-signature": String("[REDACTED]"),
                    "x-hub-signature-256": String("[REDACTED]"),
                    "x-original-url": String("/fUXCCSi0ansR5rh7"),
                    "x-site-deployment-id": String("smee-io-production"),
                    "x-waws-unencoded-url": String("/fUXCCSi0ansR5rh7"),
                },
            },
            "timestamp": String("2025-10-12T07:37:57.503644+00:00"),
        },
    ],
    "source": String("tests/recordings/sample1.jsonl"),
    "total_webhook_events": Number(3),
}
